// Jest Snapshot v1, https://goo.gl/fbAQLP

exports[`App Debe de coincidir con el snapshot 1`] = `<pokemon-page-stub></pokemon-page-stub>`;
